---
source: src/main.rs
expression: non_constant_value
---
1598984338
